running egg_info
creating ../build/rescue_state_bc/rescue_state_bc.egg-info
writing ../build/rescue_state_bc/rescue_state_bc.egg-info/PKG-INFO
writing dependency_links to ../build/rescue_state_bc/rescue_state_bc.egg-info/dependency_links.txt
writing requirements to ../build/rescue_state_bc/rescue_state_bc.egg-info/requires.txt
writing top-level names to ../build/rescue_state_bc/rescue_state_bc.egg-info/top_level.txt
writing manifest file '../build/rescue_state_bc/rescue_state_bc.egg-info/SOURCES.txt'
reading manifest file '../build/rescue_state_bc/rescue_state_bc.egg-info/SOURCES.txt'
writing manifest file '../build/rescue_state_bc/rescue_state_bc.egg-info/SOURCES.txt'
running build
running build_py
creating /home/bain/Documents/GitHub/robocup-ros/ros/bain-software-rescue/build/rescue_state_bc/build
creating /home/bain/Documents/GitHub/robocup-ros/ros/bain-software-rescue/build/rescue_state_bc/build/lib
creating /home/bain/Documents/GitHub/robocup-ros/ros/bain-software-rescue/build/rescue_state_bc/build/lib/rescue_state_bc
copying rescue_state_bc/__init__.py -> /home/bain/Documents/GitHub/robocup-ros/ros/bain-software-rescue/build/rescue_state_bc/build/lib/rescue_state_bc
copying rescue_state_bc/py.typed -> /home/bain/Documents/GitHub/robocup-ros/ros/bain-software-rescue/build/rescue_state_bc/build/lib/rescue_state_bc
running install
running install_lib
creating /home/bain/Documents/GitHub/robocup-ros/ros/bain-software-rescue/install/rescue_state_bc/lib/python3.12/site-packages/rescue_state_bc
copying /home/bain/Documents/GitHub/robocup-ros/ros/bain-software-rescue/build/rescue_state_bc/build/lib/rescue_state_bc/__init__.py -> /home/bain/Documents/GitHub/robocup-ros/ros/bain-software-rescue/install/rescue_state_bc/lib/python3.12/site-packages/rescue_state_bc
copying /home/bain/Documents/GitHub/robocup-ros/ros/bain-software-rescue/build/rescue_state_bc/build/lib/rescue_state_bc/py.typed -> /home/bain/Documents/GitHub/robocup-ros/ros/bain-software-rescue/install/rescue_state_bc/lib/python3.12/site-packages/rescue_state_bc
byte-compiling /home/bain/Documents/GitHub/robocup-ros/ros/bain-software-rescue/install/rescue_state_bc/lib/python3.12/site-packages/rescue_state_bc/__init__.py to __init__.cpython-312.pyc
running install_data
creating /home/bain/Documents/GitHub/robocup-ros/ros/bain-software-rescue/install/rescue_state_bc/share/ament_index
creating /home/bain/Documents/GitHub/robocup-ros/ros/bain-software-rescue/install/rescue_state_bc/share/ament_index/resource_index
creating /home/bain/Documents/GitHub/robocup-ros/ros/bain-software-rescue/install/rescue_state_bc/share/ament_index/resource_index/packages
copying resource/rescue_state_bc -> /home/bain/Documents/GitHub/robocup-ros/ros/bain-software-rescue/install/rescue_state_bc/share/ament_index/resource_index/packages
copying package.xml -> /home/bain/Documents/GitHub/robocup-ros/ros/bain-software-rescue/install/rescue_state_bc/share/rescue_state_bc
running install_egg_info
Copying ../build/rescue_state_bc/rescue_state_bc.egg-info to /home/bain/Documents/GitHub/robocup-ros/ros/bain-software-rescue/install/rescue_state_bc/lib/python3.12/site-packages/rescue_state_bc-0.0.0-py3.12.egg-info
running install_scripts
writing list of installed files to '/home/bain/Documents/GitHub/robocup-ros/ros/bain-software-rescue/build/rescue_state_bc/install.log'
