[1.120s] Invoking command in '/home/bain/Documents/GitHub/robocup-ros/ros/bain-software-rescue/rescue_state_bc': DEBUGINFOD_URLS=https://debuginfod.ubuntu.com PYTHONPATH=/home/bain/Documents/GitHub/robocup-ros/ros/bain-software-rescue/build/rescue_state_bc/prefix_override:/usr/lib/python3/dist-packages/colcon_core/task/python/colcon_distutils_commands:/home/bain/Documents/GitHub/robocup-ros/ros/bain-software-rescue/install/rescue_state_bc/lib/python3.12/site-packages:${PYTHONPATH} /usr/bin/python3 -W ignore:setup.py install is deprecated -W ignore:easy_install command is deprecated setup.py egg_info --egg-base ../build/rescue_state_bc build --build-base /home/bain/Documents/GitHub/robocup-ros/ros/bain-software-rescue/build/rescue_state_bc/build install --record /home/bain/Documents/GitHub/robocup-ros/ros/bain-software-rescue/build/rescue_state_bc/install.log --single-version-externally-managed install_data
[1.323s] running egg_info
[1.323s] creating ../build/rescue_state_bc/rescue_state_bc.egg-info
[1.331s] writing ../build/rescue_state_bc/rescue_state_bc.egg-info/PKG-INFO
[1.332s] writing dependency_links to ../build/rescue_state_bc/rescue_state_bc.egg-info/dependency_links.txt
[1.332s] writing requirements to ../build/rescue_state_bc/rescue_state_bc.egg-info/requires.txt
[1.332s] writing top-level names to ../build/rescue_state_bc/rescue_state_bc.egg-info/top_level.txt
[1.332s] writing manifest file '../build/rescue_state_bc/rescue_state_bc.egg-info/SOURCES.txt'
[1.356s] reading manifest file '../build/rescue_state_bc/rescue_state_bc.egg-info/SOURCES.txt'
[1.357s] writing manifest file '../build/rescue_state_bc/rescue_state_bc.egg-info/SOURCES.txt'
[1.357s] running build
[1.357s] running build_py
[1.357s] creating /home/bain/Documents/GitHub/robocup-ros/ros/bain-software-rescue/build/rescue_state_bc/build
[1.357s] creating /home/bain/Documents/GitHub/robocup-ros/ros/bain-software-rescue/build/rescue_state_bc/build/lib
[1.357s] creating /home/bain/Documents/GitHub/robocup-ros/ros/bain-software-rescue/build/rescue_state_bc/build/lib/rescue_state_bc
[1.357s] copying rescue_state_bc/__init__.py -> /home/bain/Documents/GitHub/robocup-ros/ros/bain-software-rescue/build/rescue_state_bc/build/lib/rescue_state_bc
[1.357s] copying rescue_state_bc/py.typed -> /home/bain/Documents/GitHub/robocup-ros/ros/bain-software-rescue/build/rescue_state_bc/build/lib/rescue_state_bc
[1.357s] running install
[1.360s] running install_lib
[1.370s] creating /home/bain/Documents/GitHub/robocup-ros/ros/bain-software-rescue/install/rescue_state_bc/lib/python3.12/site-packages/rescue_state_bc
[1.370s] copying /home/bain/Documents/GitHub/robocup-ros/ros/bain-software-rescue/build/rescue_state_bc/build/lib/rescue_state_bc/__init__.py -> /home/bain/Documents/GitHub/robocup-ros/ros/bain-software-rescue/install/rescue_state_bc/lib/python3.12/site-packages/rescue_state_bc
[1.370s] copying /home/bain/Documents/GitHub/robocup-ros/ros/bain-software-rescue/build/rescue_state_bc/build/lib/rescue_state_bc/py.typed -> /home/bain/Documents/GitHub/robocup-ros/ros/bain-software-rescue/install/rescue_state_bc/lib/python3.12/site-packages/rescue_state_bc
[1.371s] byte-compiling /home/bain/Documents/GitHub/robocup-ros/ros/bain-software-rescue/install/rescue_state_bc/lib/python3.12/site-packages/rescue_state_bc/__init__.py to __init__.cpython-312.pyc
[1.371s] running install_data
[1.371s] creating /home/bain/Documents/GitHub/robocup-ros/ros/bain-software-rescue/install/rescue_state_bc/share/ament_index
[1.371s] creating /home/bain/Documents/GitHub/robocup-ros/ros/bain-software-rescue/install/rescue_state_bc/share/ament_index/resource_index
[1.371s] creating /home/bain/Documents/GitHub/robocup-ros/ros/bain-software-rescue/install/rescue_state_bc/share/ament_index/resource_index/packages
[1.371s] copying resource/rescue_state_bc -> /home/bain/Documents/GitHub/robocup-ros/ros/bain-software-rescue/install/rescue_state_bc/share/ament_index/resource_index/packages
[1.371s] copying package.xml -> /home/bain/Documents/GitHub/robocup-ros/ros/bain-software-rescue/install/rescue_state_bc/share/rescue_state_bc
[1.372s] running install_egg_info
[1.381s] Copying ../build/rescue_state_bc/rescue_state_bc.egg-info to /home/bain/Documents/GitHub/robocup-ros/ros/bain-software-rescue/install/rescue_state_bc/lib/python3.12/site-packages/rescue_state_bc-0.0.0-py3.12.egg-info
[1.382s] running install_scripts
[1.472s] writing list of installed files to '/home/bain/Documents/GitHub/robocup-ros/ros/bain-software-rescue/build/rescue_state_bc/install.log'
[1.496s] Invoked command in '/home/bain/Documents/GitHub/robocup-ros/ros/bain-software-rescue/rescue_state_bc' returned '0': DEBUGINFOD_URLS=https://debuginfod.ubuntu.com PYTHONPATH=/home/bain/Documents/GitHub/robocup-ros/ros/bain-software-rescue/build/rescue_state_bc/prefix_override:/usr/lib/python3/dist-packages/colcon_core/task/python/colcon_distutils_commands:/home/bain/Documents/GitHub/robocup-ros/ros/bain-software-rescue/install/rescue_state_bc/lib/python3.12/site-packages:${PYTHONPATH} /usr/bin/python3 -W ignore:setup.py install is deprecated -W ignore:easy_install command is deprecated setup.py egg_info --egg-base ../build/rescue_state_bc build --build-base /home/bain/Documents/GitHub/robocup-ros/ros/bain-software-rescue/build/rescue_state_bc/build install --record /home/bain/Documents/GitHub/robocup-ros/ros/bain-software-rescue/build/rescue_state_bc/install.log --single-version-externally-managed install_data
