[0.134s] DEBUG:colcon:Command line arguments: ['/usr/bin/colcon', 'build']
[0.134s] DEBUG:colcon:Parsed command line arguments: Namespace(log_base=None, log_level=None, verb_name='build', build_base='build', install_base='install', merge_install=False, symlink_install=False, test_result_base=None, continue_on_error=False, executor='parallel', parallel_workers=4, event_handlers=None, ignore_user_meta=False, metas=['./colcon.meta'], base_paths=['.'], packages_ignore=None, packages_ignore_regex=None, paths=None, packages_up_to=None, packages_up_to_regex=None, packages_above=None, packages_above_and_dependencies=None, packages_above_depth=None, packages_select_by_dep=None, packages_skip_by_dep=None, packages_skip_up_to=None, packages_select_build_failed=False, packages_skip_build_finished=False, packages_select_test_failures=False, packages_skip_test_passed=False, packages_select=None, packages_skip=None, packages_select_regex=None, packages_skip_regex=None, packages_start=None, packages_end=None, allow_overriding=[], cmake_args=None, cmake_target=None, cmake_target_skip_unavailable=False, cmake_clean_cache=False, cmake_clean_first=False, cmake_force_configure=False, ament_cmake_args=None, catkin_cmake_args=None, catkin_skip_building_tests=False, mixin_files=None, mixin=None, verb_parser=<colcon_mixin.mixin.mixin_argument.MixinArgumentDecorator object at 0xe8d766d2dca0>, verb_extension=<colcon_core.verb.build.BuildVerb object at 0xe8d766d2d940>, main=<bound method BuildVerb.main of <colcon_core.verb.build.BuildVerb object at 0xe8d766d2d940>>, mixin_verb=('build',))
[0.300s] Level 1:colcon.colcon_core.package_discovery:discover_packages(colcon_meta) check parameters
[0.300s] Level 1:colcon.colcon_core.package_discovery:discover_packages(recursive) check parameters
[0.300s] Level 1:colcon.colcon_core.package_discovery:discover_packages(ignore) check parameters
[0.300s] Level 1:colcon.colcon_core.package_discovery:discover_packages(path) check parameters
[0.300s] Level 1:colcon.colcon_core.package_discovery:discover_packages(colcon_meta) discover
[0.300s] Level 1:colcon.colcon_core.package_discovery:discover_packages(recursive) discover
[0.300s] INFO:colcon.colcon_core.package_discovery:Crawling recursively for packages in '/home/bain/Documents/GitHub/robocup-ros/ros/bain-software-rescue'
[0.300s] Level 1:colcon.colcon_core.package_identification:_identify(.) by extensions ['ignore', 'ignore_ament_install']
[0.300s] Level 1:colcon.colcon_core.package_identification:_identify(.) by extension 'ignore'
[0.300s] Level 1:colcon.colcon_core.package_identification:_identify(.) by extension 'ignore_ament_install'
[0.300s] Level 1:colcon.colcon_core.package_identification:_identify(.) by extensions ['colcon_pkg']
[0.300s] Level 1:colcon.colcon_core.package_identification:_identify(.) by extension 'colcon_pkg'
[0.300s] Level 1:colcon.colcon_core.package_identification:_identify(.) by extensions ['colcon_meta']
[0.300s] Level 1:colcon.colcon_core.package_identification:_identify(.) by extension 'colcon_meta'
[0.300s] Level 1:colcon.colcon_core.package_identification:_identify(.) by extensions ['ros']
[0.300s] Level 1:colcon.colcon_core.package_identification:_identify(.) by extension 'ros'
[0.325s] Level 1:colcon.colcon_core.package_identification:_identify(.) by extensions ['cmake', 'python']
[0.325s] Level 1:colcon.colcon_core.package_identification:_identify(.) by extension 'cmake'
[0.325s] Level 1:colcon.colcon_core.package_identification:_identify(.) by extension 'python'
[0.325s] Level 1:colcon.colcon_core.package_identification:_identify(.) by extensions ['python_setup_py']
[0.325s] Level 1:colcon.colcon_core.package_identification:_identify(.) by extension 'python_setup_py'
[0.325s] Level 1:colcon.colcon_core.package_identification:_identify(build) by extensions ['ignore', 'ignore_ament_install']
[0.325s] Level 1:colcon.colcon_core.package_identification:_identify(build) by extension 'ignore'
[0.325s] Level 1:colcon.colcon_core.package_identification:_identify(build) ignored
[0.325s] Level 1:colcon.colcon_core.package_identification:_identify(install) by extensions ['ignore', 'ignore_ament_install']
[0.325s] Level 1:colcon.colcon_core.package_identification:_identify(install) by extension 'ignore'
[0.325s] Level 1:colcon.colcon_core.package_identification:_identify(install) ignored
[0.325s] Level 1:colcon.colcon_core.package_identification:_identify(log) by extensions ['ignore', 'ignore_ament_install']
[0.325s] Level 1:colcon.colcon_core.package_identification:_identify(log) by extension 'ignore'
[0.325s] Level 1:colcon.colcon_core.package_identification:_identify(log) ignored
[0.326s] Level 1:colcon.colcon_core.package_identification:_identify(rescue_state_bc) by extensions ['ignore', 'ignore_ament_install']
[0.326s] Level 1:colcon.colcon_core.package_identification:_identify(rescue_state_bc) by extension 'ignore'
[0.326s] Level 1:colcon.colcon_core.package_identification:_identify(rescue_state_bc) by extension 'ignore_ament_install'
[0.326s] Level 1:colcon.colcon_core.package_identification:_identify(rescue_state_bc) by extensions ['colcon_pkg']
[0.326s] Level 1:colcon.colcon_core.package_identification:_identify(rescue_state_bc) by extension 'colcon_pkg'
[0.326s] Level 1:colcon.colcon_core.package_identification:_identify(rescue_state_bc) by extensions ['colcon_meta']
[0.326s] Level 1:colcon.colcon_core.package_identification:_identify(rescue_state_bc) by extension 'colcon_meta'
[0.326s] Level 1:colcon.colcon_core.package_identification:_identify(rescue_state_bc) by extensions ['ros']
[0.326s] Level 1:colcon.colcon_core.package_identification:_identify(rescue_state_bc) by extension 'ros'
[0.328s] DEBUG:colcon.colcon_core.package_identification:Package 'rescue_state_bc' with type 'ros.ament_python' and name 'rescue_state_bc'
[0.328s] Level 1:colcon.colcon_core.package_discovery:discover_packages(recursive) using defaults
[0.328s] Level 1:colcon.colcon_core.package_discovery:discover_packages(ignore) discover
[0.328s] Level 1:colcon.colcon_core.package_discovery:discover_packages(ignore) using defaults
[0.328s] Level 1:colcon.colcon_core.package_discovery:discover_packages(path) discover
[0.328s] Level 1:colcon.colcon_core.package_discovery:discover_packages(path) using defaults
[0.352s] Level 1:colcon.colcon_core.package_discovery:discover_packages(prefix_path) check parameters
[0.352s] Level 1:colcon.colcon_core.package_discovery:discover_packages(prefix_path) discover
[0.353s] DEBUG:colcon.colcon_installed_package_information.package_discovery:Found 289 installed packages in /opt/ros/kilted
[0.354s] Level 1:colcon.colcon_core.package_discovery:discover_packages(prefix_path) using defaults
[0.386s] Level 5:colcon.colcon_core.verb:set package 'rescue_state_bc' build argument 'cmake_args' from command line to 'None'
[0.386s] Level 5:colcon.colcon_core.verb:set package 'rescue_state_bc' build argument 'cmake_target' from command line to 'None'
[0.386s] Level 5:colcon.colcon_core.verb:set package 'rescue_state_bc' build argument 'cmake_target_skip_unavailable' from command line to 'False'
[0.386s] Level 5:colcon.colcon_core.verb:set package 'rescue_state_bc' build argument 'cmake_clean_cache' from command line to 'False'
[0.386s] Level 5:colcon.colcon_core.verb:set package 'rescue_state_bc' build argument 'cmake_clean_first' from command line to 'False'
[0.386s] Level 5:colcon.colcon_core.verb:set package 'rescue_state_bc' build argument 'cmake_force_configure' from command line to 'False'
[0.386s] Level 5:colcon.colcon_core.verb:set package 'rescue_state_bc' build argument 'ament_cmake_args' from command line to 'None'
[0.386s] Level 5:colcon.colcon_core.verb:set package 'rescue_state_bc' build argument 'catkin_cmake_args' from command line to 'None'
[0.386s] Level 5:colcon.colcon_core.verb:set package 'rescue_state_bc' build argument 'catkin_skip_building_tests' from command line to 'False'
[0.386s] DEBUG:colcon.colcon_core.verb:Building package 'rescue_state_bc' with the following arguments: {'ament_cmake_args': None, 'build_base': '/home/bain/Documents/GitHub/robocup-ros/ros/bain-software-rescue/build/rescue_state_bc', 'catkin_cmake_args': None, 'catkin_skip_building_tests': False, 'cmake_args': None, 'cmake_clean_cache': False, 'cmake_clean_first': False, 'cmake_force_configure': False, 'cmake_target': None, 'cmake_target_skip_unavailable': False, 'install_base': '/home/bain/Documents/GitHub/robocup-ros/ros/bain-software-rescue/install/rescue_state_bc', 'merge_install': False, 'path': '/home/bain/Documents/GitHub/robocup-ros/ros/bain-software-rescue/rescue_state_bc', 'symlink_install': False, 'test_result_base': None}
[0.386s] INFO:colcon.colcon_core.executor:Executing jobs using 'parallel' executor
[0.386s] DEBUG:colcon.colcon_parallel_executor.executor.parallel:run_until_complete
[0.387s] INFO:colcon.colcon_ros.task.ament_python.build:Building ROS package in '/home/bain/Documents/GitHub/robocup-ros/ros/bain-software-rescue/rescue_state_bc' with build type 'ament_python'
[0.387s] Level 1:colcon.colcon_core.shell:create_environment_hook('rescue_state_bc', 'ament_prefix_path')
[0.389s] INFO:colcon.colcon_core.plugin_system:Skipping extension 'colcon_core.shell.bat': Not used on non-Windows systems
[0.389s] INFO:colcon.colcon_core.shell:Creating environment hook '/home/bain/Documents/GitHub/robocup-ros/ros/bain-software-rescue/install/rescue_state_bc/share/rescue_state_bc/hook/ament_prefix_path.ps1'
[0.390s] INFO:colcon.colcon_core.shell:Creating environment descriptor '/home/bain/Documents/GitHub/robocup-ros/ros/bain-software-rescue/install/rescue_state_bc/share/rescue_state_bc/hook/ament_prefix_path.dsv'
[0.390s] INFO:colcon.colcon_core.shell:Creating environment hook '/home/bain/Documents/GitHub/robocup-ros/ros/bain-software-rescue/install/rescue_state_bc/share/rescue_state_bc/hook/ament_prefix_path.sh'
[0.390s] INFO:colcon.colcon_core.shell:Skip shell extension 'powershell' for command environment: Not usable outside of PowerShell
[0.390s] DEBUG:colcon.colcon_core.shell:Skip shell extension 'dsv' for command environment
[0.644s] INFO:colcon.colcon_core.task.python.build:Building Python package in '/home/bain/Documents/GitHub/robocup-ros/ros/bain-software-rescue/rescue_state_bc'
[0.646s] INFO:colcon.colcon_core.shell:Skip shell extension 'powershell' for command environment: Not usable outside of PowerShell
[0.646s] DEBUG:colcon.colcon_core.shell:Skip shell extension 'dsv' for command environment
[1.507s] DEBUG:colcon.colcon_core.event_handler.log_command:Invoking command in '/home/bain/Documents/GitHub/robocup-ros/ros/bain-software-rescue/rescue_state_bc': DEBUGINFOD_URLS=https://debuginfod.ubuntu.com PYTHONPATH=/home/bain/Documents/GitHub/robocup-ros/ros/bain-software-rescue/build/rescue_state_bc/prefix_override:/usr/lib/python3/dist-packages/colcon_core/task/python/colcon_distutils_commands:/home/bain/Documents/GitHub/robocup-ros/ros/bain-software-rescue/install/rescue_state_bc/lib/python3.12/site-packages:${PYTHONPATH} /usr/bin/python3 -W ignore:setup.py install is deprecated -W ignore:easy_install command is deprecated setup.py egg_info --egg-base ../build/rescue_state_bc build --build-base /home/bain/Documents/GitHub/robocup-ros/ros/bain-software-rescue/build/rescue_state_bc/build install --record /home/bain/Documents/GitHub/robocup-ros/ros/bain-software-rescue/build/rescue_state_bc/install.log --single-version-externally-managed install_data
[1.883s] DEBUG:colcon.colcon_core.event_handler.log_command:Invoked command in '/home/bain/Documents/GitHub/robocup-ros/ros/bain-software-rescue/rescue_state_bc' returned '0': DEBUGINFOD_URLS=https://debuginfod.ubuntu.com PYTHONPATH=/home/bain/Documents/GitHub/robocup-ros/ros/bain-software-rescue/build/rescue_state_bc/prefix_override:/usr/lib/python3/dist-packages/colcon_core/task/python/colcon_distutils_commands:/home/bain/Documents/GitHub/robocup-ros/ros/bain-software-rescue/install/rescue_state_bc/lib/python3.12/site-packages:${PYTHONPATH} /usr/bin/python3 -W ignore:setup.py install is deprecated -W ignore:easy_install command is deprecated setup.py egg_info --egg-base ../build/rescue_state_bc build --build-base /home/bain/Documents/GitHub/robocup-ros/ros/bain-software-rescue/build/rescue_state_bc/build install --record /home/bain/Documents/GitHub/robocup-ros/ros/bain-software-rescue/build/rescue_state_bc/install.log --single-version-externally-managed install_data
[1.884s] Level 1:colcon.colcon_core.environment:checking '/home/bain/Documents/GitHub/robocup-ros/ros/bain-software-rescue/install/rescue_state_bc' for CMake module files
[1.885s] Level 1:colcon.colcon_core.environment:checking '/home/bain/Documents/GitHub/robocup-ros/ros/bain-software-rescue/install/rescue_state_bc' for CMake config files
[1.885s] Level 1:colcon.colcon_core.environment:checking '/home/bain/Documents/GitHub/robocup-ros/ros/bain-software-rescue/install/rescue_state_bc/lib'
[1.885s] Level 1:colcon.colcon_core.environment:checking '/home/bain/Documents/GitHub/robocup-ros/ros/bain-software-rescue/install/rescue_state_bc/bin'
[1.885s] Level 1:colcon.colcon_core.environment:checking '/home/bain/Documents/GitHub/robocup-ros/ros/bain-software-rescue/install/rescue_state_bc/lib/pkgconfig/rescue_state_bc.pc'
[1.886s] Level 1:colcon.colcon_core.environment:checking '/home/bain/Documents/GitHub/robocup-ros/ros/bain-software-rescue/install/rescue_state_bc/lib/python3.12/site-packages'
[1.886s] Level 1:colcon.colcon_core.shell:create_environment_hook('rescue_state_bc', 'pythonpath')
[1.886s] INFO:colcon.colcon_core.shell:Creating environment hook '/home/bain/Documents/GitHub/robocup-ros/ros/bain-software-rescue/install/rescue_state_bc/share/rescue_state_bc/hook/pythonpath.ps1'
[1.887s] INFO:colcon.colcon_core.shell:Creating environment descriptor '/home/bain/Documents/GitHub/robocup-ros/ros/bain-software-rescue/install/rescue_state_bc/share/rescue_state_bc/hook/pythonpath.dsv'
[1.887s] INFO:colcon.colcon_core.shell:Creating environment hook '/home/bain/Documents/GitHub/robocup-ros/ros/bain-software-rescue/install/rescue_state_bc/share/rescue_state_bc/hook/pythonpath.sh'
[1.887s] Level 1:colcon.colcon_core.environment:checking '/home/bain/Documents/GitHub/robocup-ros/ros/bain-software-rescue/install/rescue_state_bc/bin'
[1.887s] Level 1:colcon.colcon_core.environment:create_environment_scripts_only(rescue_state_bc)
[1.887s] INFO:colcon.colcon_core.shell:Creating package script '/home/bain/Documents/GitHub/robocup-ros/ros/bain-software-rescue/install/rescue_state_bc/share/rescue_state_bc/package.ps1'
[1.888s] INFO:colcon.colcon_core.shell:Creating package descriptor '/home/bain/Documents/GitHub/robocup-ros/ros/bain-software-rescue/install/rescue_state_bc/share/rescue_state_bc/package.dsv'
[1.888s] INFO:colcon.colcon_core.shell:Creating package script '/home/bain/Documents/GitHub/robocup-ros/ros/bain-software-rescue/install/rescue_state_bc/share/rescue_state_bc/package.sh'
[1.889s] INFO:colcon.colcon_core.shell:Creating package script '/home/bain/Documents/GitHub/robocup-ros/ros/bain-software-rescue/install/rescue_state_bc/share/rescue_state_bc/package.bash'
[1.889s] INFO:colcon.colcon_core.shell:Creating package script '/home/bain/Documents/GitHub/robocup-ros/ros/bain-software-rescue/install/rescue_state_bc/share/rescue_state_bc/package.zsh'
[1.890s] Level 1:colcon.colcon_core.environment:create_file_with_runtime_dependencies(/home/bain/Documents/GitHub/robocup-ros/ros/bain-software-rescue/install/rescue_state_bc/share/colcon-core/packages/rescue_state_bc)
[1.890s] DEBUG:colcon.colcon_parallel_executor.executor.parallel:closing loop
[1.893s] DEBUG:colcon.colcon_parallel_executor.executor.parallel:loop closed
[1.893s] DEBUG:colcon.colcon_parallel_executor.executor.parallel:run_until_complete finished with '0'
[1.893s] DEBUG:colcon.colcon_core.event_reactor:joining thread
[1.904s] INFO:colcon.colcon_core.plugin_system:Skipping extension 'colcon_notification.desktop_notification.terminal_notifier': Not used on non-Darwin systems
[1.904s] INFO:colcon.colcon_core.plugin_system:Skipping extension 'colcon_notification.desktop_notification.win32': Not used on non-Windows systems
[1.904s] INFO:colcon.colcon_notification.desktop_notification:Sending desktop notification using 'notify2'
[1.976s] DEBUG:colcon.colcon_core.event_reactor:joined thread
[1.976s] INFO:colcon.colcon_core.shell:Creating prefix script '/home/bain/Documents/GitHub/robocup-ros/ros/bain-software-rescue/install/local_setup.ps1'
[1.977s] INFO:colcon.colcon_core.shell:Creating prefix util module '/home/bain/Documents/GitHub/robocup-ros/ros/bain-software-rescue/install/_local_setup_util_ps1.py'
[1.979s] INFO:colcon.colcon_core.shell:Creating prefix chain script '/home/bain/Documents/GitHub/robocup-ros/ros/bain-software-rescue/install/setup.ps1'
[1.981s] INFO:colcon.colcon_core.shell:Creating prefix script '/home/bain/Documents/GitHub/robocup-ros/ros/bain-software-rescue/install/local_setup.sh'
[1.982s] INFO:colcon.colcon_core.shell:Creating prefix util module '/home/bain/Documents/GitHub/robocup-ros/ros/bain-software-rescue/install/_local_setup_util_sh.py'
[1.983s] INFO:colcon.colcon_core.shell:Creating prefix chain script '/home/bain/Documents/GitHub/robocup-ros/ros/bain-software-rescue/install/setup.sh'
[1.984s] INFO:colcon.colcon_core.shell:Creating prefix script '/home/bain/Documents/GitHub/robocup-ros/ros/bain-software-rescue/install/local_setup.bash'
[1.984s] INFO:colcon.colcon_core.shell:Creating prefix chain script '/home/bain/Documents/GitHub/robocup-ros/ros/bain-software-rescue/install/setup.bash'
[1.985s] INFO:colcon.colcon_core.shell:Creating prefix script '/home/bain/Documents/GitHub/robocup-ros/ros/bain-software-rescue/install/local_setup.zsh'
[1.985s] INFO:colcon.colcon_core.shell:Creating prefix chain script '/home/bain/Documents/GitHub/robocup-ros/ros/bain-software-rescue/install/setup.zsh'
